** Drc report for blower-controller.kicad_pcb **
** Created on 2026-08-01T15:43:51 **
** Report includes: Errors, Warnings **

** Found 157 DRC violations **
[tracks_crossing]: Tracks crossing
    Local override; error
    @(62.0000 mm, 30.0000 mm): Track [MOTOR+] on F.Cu, length 53.1507 mm
    @(53.0000 mm, 30.0000 mm): Track [VIN_PROTECTED] on F.Cu, length 9.0000 mm
[shorting_items]: Items shorting two nets (nets GND and SW_NODE)
    Local override; error
    @(80.5400 mm, 50.0000 mm): PTH pad 3 [GND] of Q1
    @(98.0000 mm, 41.6200 mm): Track [SW_NODE] on B.Cu, length 21.6847 mm
[shorting_items]: Items shorting two nets (nets PWM and CURRENT)
    Local override; error
    @(36.0000 mm, 51.0000 mm): Track [PWM] on F.Cu, length 13.0384 mm
    @(39.0000 mm, 51.0000 mm): Pad 4 [CURRENT] of U2 on F.Cu
[shorting_items]: Items shorting two nets (nets GND and TRIGGER)
    Local override; error
    @(25.0000 mm, 37.6200 mm): Track [GND] on B.Cu, length 40.0000 mm
    @(25.0000 mm, 70.0000 mm): PTH pad 1 [TRIGGER] of J3
[shorting_items]: Items shorting two nets (nets SW_NODE and GND)
    Local override; error
    @(115.0000 mm, 41.6200 mm): Track [SW_NODE] on B.Cu, length 37.9371 mm
    @(80.5400 mm, 50.0000 mm): PTH pad 3 [GND] of Q1
[shorting_items]: Items shorting two nets (nets GATE and SW_NODE)
    Local override; error
    @(75.4600 mm, 62.0000 mm): PTH pad 1 [GATE] of Q2
    @(78.0000 mm, 62.0000 mm): Track [SW_NODE] on B.Cu, length 9.4340 mm
[shorting_items]: Items shorting two nets (nets GND and SW_NODE)
    Local override; error
    @(80.5400 mm, 50.0000 mm): PTH pad 3 [GND] of Q1
    @(78.0000 mm, 50.0000 mm): Track [SW_NODE] on B.Cu, length 12.0000 mm
[shorting_items]: Items shorting two nets (nets TRIGGER and +5V)
    Local override; error
    @(33.0000 mm, 51.0000 mm): Track [TRIGGER] on F.Cu, length 20.6155 mm
    @(33.0000 mm, 51.0000 mm): Pad 1 [+5V] of U2 on F.Cu
[shorting_items]: Items shorting two nets (nets VIN_PROTECTED and BATT+)
    Local override; error
    @(47.0000 mm, 30.0000 mm): PTH pad 2 [VIN_PROTECTED] of F1
    @(25.0000 mm, 30.0000 mm): Track [BATT+] on B.Cu, length 28.0000 mm
[tracks_crossing]: Tracks crossing
    Local override; error
    @(36.0000 mm, 51.0000 mm): Track [PWM] on F.Cu, length 13.0384 mm
    @(39.0000 mm, 55.0000 mm): Track [NTC] on F.Cu, length 12.0830 mm
[tracks_crossing]: Tracks crossing
    Local override; error
    @(37.0000 mm, 55.0000 mm): Track [V_SENSE] on F.Cu, length 21.4009 mm
    @(44.0000 mm, 44.0000 mm): Track [NTC] on F.Cu, length 12.0830 mm
[shorting_items]: Items shorting two nets (nets CURRENT and V_SENSE)
    Local override; error
    @(39.0000 mm, 51.0000 mm): Track [CURRENT] on F.Cu, length 14.3178 mm
    @(46.0000 mm, 38.0000 mm): Pad 2 [V_SENSE] of R1 on F.Cu
[tracks_crossing]: Tracks crossing
    Local override; error
    @(49.0000 mm, 50.0000 mm): Track [PWM] on F.Cu, length 10.1980 mm
    @(59.0000 mm, 48.0000 mm): Track [GATE] on F.Cu, length 4.0000 mm
[tracks_crossing]: Tracks crossing
    Local override; error
    @(39.0000 mm, 51.0000 mm): Track [CURRENT] on F.Cu, length 14.3178 mm
    @(42.0000 mm, 44.0000 mm): Track [NTC] on F.Cu, length 4.0000 mm
[shorting_items]: Items shorting two nets (nets V_SENSE and CURRENT)
    Local override; error
    @(37.0000 mm, 55.0000 mm): Track [V_SENSE] on F.Cu, length 21.4009 mm
    @(39.0000 mm, 51.0000 mm): Pad 4 [CURRENT] of U2 on F.Cu
[tracks_crossing]: Tracks crossing
    Local override; error
    @(49.0000 mm, 54.0000 mm): Track [GND] on F.Cu, length 16.0000 mm
    @(49.0000 mm, 54.0000 mm): Track [+5V] on F.Cu, length 0.0000 mm
[shorting_items]: Items shorting two nets (nets +5V and GND)
    Local override; error
    @(49.0000 mm, 54.0000 mm): Track [+5V] on F.Cu, length 0.0000 mm
    @(49.0000 mm, 54.0000 mm): Pad 8 [GND] of U1 on F.Cu
[shorting_items]: Items shorting two nets (nets PWM and GATE)
    Local override; error
    @(49.0000 mm, 50.0000 mm): Track [PWM] on F.Cu, length 10.1980 mm
    @(59.0000 mm, 48.0000 mm): Pad 1 [GATE] of R3 on F.Cu
[shorting_items]: Items shorting two nets (nets GND and V_SENSE)
    Local override; error
    @(53.0000 mm, 37.6200 mm): PTH pad 2 [GND] of D1
    @(50.0000 mm, 38.0000 mm): Track [V_SENSE] on F.Cu, length 4.0000 mm
[clearance]: Clearance violation ( clearance 0.2000 mm; actual 0.0922 mm)
    Local override; error
    @(49.0000 mm, 50.0000 mm): Track [PWM] on F.Cu, length 10.1980 mm
    @(51.0000 mm, 50.0000 mm): Track [+5V] on F.Cu, length 0.0000 mm
[shorting_items]: Items shorting two nets (nets GATE and SW_NODE)
    Local override; error
    @(75.4600 mm, 50.0000 mm): PTH pad 1 [GATE] of Q1
    @(78.0000 mm, 50.0000 mm): PTH pad 2 [SW_NODE] of Q1
[shorting_items]: Items shorting two nets (nets SW_NODE and GATE)
    Local override; error
    @(78.0000 mm, 62.0000 mm): PTH pad 2 [SW_NODE] of Q2
    @(75.4600 mm, 62.0000 mm): PTH pad 1 [GATE] of Q2
[shorting_items]: Items shorting two nets (nets GATE and SW_NODE)
    Local override; error
    @(75.4600 mm, 50.0000 mm): PTH pad 1 [GATE] of Q1
    @(78.0000 mm, 50.0000 mm): PTH pad 2 [SW_NODE] of Q1
[shorting_items]: Items shorting two nets (nets PWM and +5V)
    Local override; error
    @(49.0000 mm, 50.0000 mm): Pad 1 [PWM] of U1 on F.Cu
    @(51.0000 mm, 50.0000 mm): Pad 2 [+5V] of U1 on F.Cu
[shorting_items]: Items shorting two nets (nets SW_NODE and GND)
    Local override; error
    @(78.0000 mm, 62.0000 mm): PTH pad 2 [SW_NODE] of Q2
    @(80.5400 mm, 62.0000 mm): PTH pad 3 [GND] of Q2
[shorting_items]: Items shorting two nets (nets GND and SW_NODE)
    Local override; error
    @(80.5400 mm, 50.0000 mm): PTH pad 3 [GND] of Q1
    @(78.0000 mm, 50.0000 mm): PTH pad 2 [SW_NODE] of Q1
[shorting_items]: Items shorting two nets (nets SW_NODE and GATE)
    Local override; error
    @(78.0000 mm, 62.0000 mm): PTH pad 2 [SW_NODE] of Q2
    @(75.4600 mm, 62.0000 mm): PTH pad 1 [GATE] of Q2
[shorting_items]: Items shorting two nets (nets +5V and GND)
    Local override; error
    @(33.0000 mm, 51.0000 mm): Pad 1 [+5V] of U2 on F.Cu
    @(35.0000 mm, 51.0000 mm): Pad 2 [GND] of U2 on F.Cu
[shorting_items]: Items shorting two nets (nets GND and SW_NODE)
    Local override; error
    @(80.5400 mm, 50.0000 mm): PTH pad 3 [GND] of Q1
    @(78.0000 mm, 50.0000 mm): PTH pad 2 [SW_NODE] of Q1
[shorting_items]: Items shorting two nets (nets +5V and GND)
    Local override; error
    @(51.0000 mm, 50.0000 mm): Pad 2 [+5V] of U1 on F.Cu
    @(53.0000 mm, 50.0000 mm): Pad 3 [GND] of U1 on F.Cu
[shorting_items]: Items shorting two nets (nets SW_NODE and GND)
    Local override; error
    @(78.0000 mm, 62.0000 mm): PTH pad 2 [SW_NODE] of Q2
    @(80.5400 mm, 62.0000 mm): PTH pad 3 [GND] of Q2
[shorting_items]: Items shorting two nets (nets PWM and +5V)
    Local override; error
    @(60.0000 mm, 72.5400 mm): PTH pad 2 [PWM] of J4
    @(60.0000 mm, 70.0000 mm): PTH pad 1 [+5V] of J4
[shorting_items]: Items shorting two nets (nets TRIGGER and CURRENT)
    Local override; error
    @(37.0000 mm, 51.0000 mm): Pad 3 [TRIGGER] of U2 on F.Cu
    @(39.0000 mm, 51.0000 mm): Pad 4 [CURRENT] of U2 on F.Cu
[shorting_items]: Items shorting two nets (nets GATE and GND)
    Local override; error
    @(55.0000 mm, 50.0000 mm): Pad 4 [GATE] of U1 on F.Cu
    @(53.0000 mm, 50.0000 mm): Pad 3 [GND] of U1 on F.Cu
[shorting_items]: Items shorting two nets (nets TRIGGER and GND)
    Local override; error
    @(37.0000 mm, 51.0000 mm): Pad 3 [TRIGGER] of U2 on F.Cu
    @(35.0000 mm, 51.0000 mm): Pad 2 [GND] of U2 on F.Cu
[shorting_items]: Items shorting two nets (nets PWM and GND)
    Local override; error
    @(60.0000 mm, 72.5400 mm): PTH pad 2 [PWM] of J4
    @(60.0000 mm, 75.0800 mm): PTH pad 3 [GND] of J4
[shorting_items]: Items shorting two nets (nets GATE and GND)
    Local override; error
    @(55.0000 mm, 54.0000 mm): Pad 5 [GATE] of U1 on F.Cu
    @(53.0000 mm, 54.0000 mm): Pad 6 [GND] of U1 on F.Cu
[shorting_items]: Items shorting two nets (nets V_SENSE and NTC)
    Local override; error
    @(37.0000 mm, 55.0000 mm): Pad 6 [V_SENSE] of U2 on F.Cu
    @(39.0000 mm, 55.0000 mm): Pad 5 [NTC] of U2 on F.Cu
[shorting_items]: Items shorting two nets (nets +5V and GND)
    Local override; error
    @(51.0000 mm, 54.0000 mm): Pad 7 [+5V] of U1 on F.Cu
    @(49.0000 mm, 54.0000 mm): Pad 8 [GND] of U1 on F.Cu
[shorting_items]: Items shorting two nets (nets +5V and GND)
    Local override; error
    @(51.0000 mm, 54.0000 mm): Pad 7 [+5V] of U1 on F.Cu
    @(53.0000 mm, 54.0000 mm): Pad 6 [GND] of U1 on F.Cu
[shorting_items]: Items shorting two nets (nets V_SENSE and PWM)
    Local override; error
    @(37.0000 mm, 55.0000 mm): Pad 6 [V_SENSE] of U2 on F.Cu
    @(35.0000 mm, 55.0000 mm): Pad 7 [PWM] of U2 on F.Cu
[shorting_items]: Items shorting two nets (nets PWM and +5V)
    Local override; error
    @(60.0000 mm, 72.5400 mm): PTH pad 2 [PWM] of J4
    @(60.0000 mm, 70.0000 mm): PTH pad 1 [+5V] of J4
[shorting_items]: Items shorting two nets (nets PWM and GND)
    Local override; error
    @(60.0000 mm, 72.5400 mm): PTH pad 2 [PWM] of J4
    @(60.0000 mm, 75.0800 mm): PTH pad 3 [GND] of J4
[shorting_items]: Items shorting two nets (nets GND and PWM)
    Local override; error
    @(33.0000 mm, 55.0000 mm): Pad 8 [GND] of U2 on F.Cu
    @(35.0000 mm, 55.0000 mm): Pad 7 [PWM] of U2 on F.Cu
[solder_mask_bridge]: Front solder mask aperture bridges items with different nets
    Rule: board setup solder mask min width; error
    @(62.0000 mm, 30.0000 mm): Track [MOTOR+] on F.Cu, length 53.1507 mm
    @(62.0000 mm, 30.0000 mm): PTH pad 1 [VIN_PROTECTED] of C1
[solder_mask_bridge]: Rear solder mask aperture bridges items with different nets
    Rule: board setup solder mask min width; error
    @(25.0000 mm, 30.0000 mm): Track [BATT+] on B.Cu, length 28.0000 mm
    @(47.0000 mm, 30.0000 mm): PTH pad 2 [VIN_PROTECTED] of F1
[solder_mask_bridge]: Rear solder mask aperture bridges items with different nets
    Rule: board setup solder mask min width; error
    @(98.0000 mm, 41.6200 mm): Track [SW_NODE] on B.Cu, length 21.6847 mm
    @(75.4600 mm, 50.0000 mm): PTH pad 1 [GATE] of Q1
[solder_mask_bridge]: Rear solder mask aperture bridges items with different nets
    Rule: board setup solder mask min width; error
    @(25.0000 mm, 37.6200 mm): Track [GND] on B.Cu, length 40.0000 mm
    @(25.0000 mm, 70.0000 mm): PTH pad 1 [TRIGGER] of J3
[solder_mask_bridge]: Rear solder mask aperture bridges items with different nets
    Rule: board setup solder mask min width; error
    @(115.0000 mm, 41.6200 mm): Track [SW_NODE] on B.Cu, length 37.9371 mm
    @(75.4600 mm, 50.0000 mm): PTH pad 1 [GATE] of Q1
[solder_mask_bridge]: Rear solder mask aperture bridges items with different nets
    Rule: board setup solder mask min width; error
    @(98.0000 mm, 41.6200 mm): Track [SW_NODE] on B.Cu, length 21.6847 mm
    @(80.5400 mm, 50.0000 mm): PTH pad 3 [GND] of Q1
[solder_mask_bridge]: Front solder mask aperture bridges items with different nets
    Rule: board setup solder mask min width; error
    @(50.0000 mm, 38.0000 mm): Track [V_SENSE] on F.Cu, length 4.0000 mm
    @(53.0000 mm, 37.6200 mm): PTH pad 2 [GND] of D1
[solder_mask_bridge]: Rear solder mask aperture bridges items with different nets
    Rule: board setup solder mask min width; error
    @(25.0000 mm, 30.0000 mm): Track [BATT+] on B.Cu, length 28.0000 mm
    @(53.0000 mm, 30.0000 mm): PTH pad 1 [VIN_PROTECTED] of D1
[solder_mask_bridge]: Rear solder mask aperture bridges items with different nets
    Rule: board setup solder mask min width; error
    @(78.0000 mm, 50.0000 mm): Track [SW_NODE] on B.Cu, length 12.0000 mm
    @(75.4600 mm, 50.0000 mm): PTH pad 1 [GATE] of Q1
[solder_mask_bridge]: Front solder mask aperture bridges items with different nets
    Rule: board setup solder mask min width; error
    @(50.0000 mm, 38.0000 mm): Track [V_SENSE] on F.Cu, length 4.0000 mm
    @(54.0000 mm, 38.0000 mm): Pad 2 [GND] of R2 on F.Cu
[solder_mask_bridge]: Front solder mask aperture bridges items with different nets
    Rule: board setup solder mask min width; error
    @(49.0000 mm, 50.0000 mm): Track [PWM] on F.Cu, length 10.1980 mm
    @(53.0000 mm, 50.0000 mm): Pad 3 [GND] of U1 on F.Cu
[solder_mask_bridge]: Front solder mask aperture bridges items with different nets
    Rule: board setup solder mask min width; error
    @(80.5400 mm, 62.0000 mm): PTH pad 3 [GND] of Q2
    @(78.0000 mm, 62.0000 mm): PTH pad 2 [SW_NODE] of Q2
[solder_mask_bridge]: Rear solder mask aperture bridges items with different nets
    Rule: board setup solder mask min width; error
    @(115.0000 mm, 41.6200 mm): Track [SW_NODE] on B.Cu, length 37.9371 mm
    @(80.5400 mm, 50.0000 mm): PTH pad 3 [GND] of Q1
[solder_mask_bridge]: Front solder mask aperture bridges items with different nets
    Rule: board setup solder mask min width; error
    @(36.0000 mm, 51.0000 mm): Track [PWM] on F.Cu, length 13.0384 mm
    @(35.0000 mm, 51.0000 mm): Pad 2 [GND] of U2 on F.Cu
[solder_mask_bridge]: Front solder mask aperture bridges items with different nets
    Rule: board setup solder mask min width; error
    @(51.0000 mm, 54.0000 mm): Pad 7 [+5V] of U1 on F.Cu
    @(53.0000 mm, 54.0000 mm): Pad 6 [GND] of U1 on F.Cu
[solder_mask_bridge]: Rear solder mask aperture bridges items with different nets
    Rule: board setup solder mask min width; error
    @(78.0000 mm, 50.0000 mm): Track [SW_NODE] on B.Cu, length 12.0000 mm
    @(80.5400 mm, 50.0000 mm): PTH pad 3 [GND] of Q1
[solder_mask_bridge]: Front solder mask aperture bridges items with different nets
    Rule: board setup solder mask min width; error
    @(35.0000 mm, 51.0000 mm): Pad 2 [GND] of U2 on F.Cu
    @(33.0000 mm, 51.0000 mm): Pad 1 [+5V] of U2 on F.Cu
[solder_mask_bridge]: Front solder mask aperture bridges items with different nets
    Rule: board setup solder mask min width; error
    @(37.0000 mm, 55.0000 mm): Pad 6 [V_SENSE] of U2 on F.Cu
    @(39.0000 mm, 55.0000 mm): Pad 5 [NTC] of U2 on F.Cu
[solder_mask_bridge]: Front solder mask aperture bridges items with different nets
    Rule: board setup solder mask min width; error
    @(33.0000 mm, 55.0000 mm): Pad 8 [GND] of U2 on F.Cu
    @(35.0000 mm, 55.0000 mm): Pad 7 [PWM] of U2 on F.Cu
[solder_mask_bridge]: Rear solder mask aperture bridges items with different nets
    Rule: board setup solder mask min width; error
    @(78.0000 mm, 50.0000 mm): Track [SW_NODE] on B.Cu, length 12.0000 mm
    @(80.5400 mm, 62.0000 mm): PTH pad 3 [GND] of Q2
[solder_mask_bridge]: Front solder mask aperture bridges items with different nets
    Rule: board setup solder mask min width; error
    @(39.0000 mm, 51.0000 mm): Pad 4 [CURRENT] of U2 on F.Cu
    @(37.0000 mm, 51.0000 mm): Pad 3 [TRIGGER] of U2 on F.Cu
[solder_mask_bridge]: Front solder mask aperture bridges items with different nets
    Rule: board setup solder mask min width; error
    @(49.0000 mm, 50.0000 mm): Pad 1 [PWM] of U1 on F.Cu
    @(51.0000 mm, 50.0000 mm): Pad 2 [+5V] of U1 on F.Cu
[solder_mask_bridge]: Front solder mask aperture bridges items with different nets
    Rule: board setup solder mask min width; error
    @(35.0000 mm, 51.0000 mm): Pad 2 [GND] of U2 on F.Cu
    @(37.0000 mm, 51.0000 mm): Pad 3 [TRIGGER] of U2 on F.Cu
[solder_mask_bridge]: Rear solder mask aperture bridges items with different nets
    Rule: board setup solder mask min width; error
    @(78.0000 mm, 50.0000 mm): Track [SW_NODE] on B.Cu, length 12.0000 mm
    @(75.4600 mm, 62.0000 mm): PTH pad 1 [GATE] of Q2
[solder_mask_bridge]: Front solder mask aperture bridges items with different nets
    Rule: board setup solder mask min width; error
    @(37.0000 mm, 55.0000 mm): Pad 6 [V_SENSE] of U2 on F.Cu
    @(35.0000 mm, 55.0000 mm): Pad 7 [PWM] of U2 on F.Cu
[solder_mask_bridge]: Front solder mask aperture bridges items with different nets
    Rule: board setup solder mask min width; error
    @(33.0000 mm, 51.0000 mm): Track [TRIGGER] on F.Cu, length 20.6155 mm
    @(33.0000 mm, 51.0000 mm): Pad 1 [+5V] of U2 on F.Cu
[solder_mask_bridge]: Rear solder mask aperture bridges items with different nets
    Rule: board setup solder mask min width; error
    @(80.5400 mm, 62.0000 mm): PTH pad 3 [GND] of Q2
    @(78.0000 mm, 62.0000 mm): PTH pad 2 [SW_NODE] of Q2
[solder_mask_bridge]: Front solder mask aperture bridges items with different nets
    Rule: board setup solder mask min width; error
    @(55.0000 mm, 50.0000 mm): Pad 4 [GATE] of U1 on F.Cu
    @(53.0000 mm, 50.0000 mm): Pad 3 [GND] of U1 on F.Cu
[solder_mask_bridge]: Front solder mask aperture bridges items with different nets
    Rule: board setup solder mask min width; error
    @(37.0000 mm, 55.0000 mm): Track [V_SENSE] on F.Cu, length 21.4009 mm
    @(46.0000 mm, 44.0000 mm): Pad 2 [NTC] of R4 on F.Cu
[solder_mask_bridge]: Front solder mask aperture bridges items with different nets
    Rule: board setup solder mask min width; error
    @(60.0000 mm, 72.5400 mm): PTH pad 2 [PWM] of J4
    @(60.0000 mm, 75.0800 mm): PTH pad 3 [GND] of J4
[solder_mask_bridge]: Front solder mask aperture bridges items with different nets
    Rule: board setup solder mask min width; error
    @(36.0000 mm, 51.0000 mm): Track [PWM] on F.Cu, length 13.0384 mm
    @(37.0000 mm, 51.0000 mm): Pad 3 [TRIGGER] of U2 on F.Cu
[solder_mask_bridge]: Front solder mask aperture bridges items with different nets
    Rule: board setup solder mask min width; error
    @(49.0000 mm, 50.0000 mm): Track [PWM] on F.Cu, length 10.1980 mm
    @(55.0000 mm, 50.0000 mm): Pad 4 [GATE] of U1 on F.Cu
[solder_mask_bridge]: Front solder mask aperture bridges items with different nets
    Rule: board setup solder mask min width; error
    @(55.0000 mm, 54.0000 mm): Pad 5 [GATE] of U1 on F.Cu
    @(53.0000 mm, 54.0000 mm): Pad 6 [GND] of U1 on F.Cu
[solder_mask_bridge]: Front solder mask aperture bridges items with different nets
    Rule: board setup solder mask min width; error
    @(51.0000 mm, 54.0000 mm): Pad 7 [+5V] of U1 on F.Cu
    @(49.0000 mm, 54.0000 mm): Pad 8 [GND] of U1 on F.Cu
[solder_mask_bridge]: Front solder mask aperture bridges items with different nets
    Rule: board setup solder mask min width; error
    @(37.0000 mm, 55.0000 mm): Track [V_SENSE] on F.Cu, length 21.4009 mm
    @(39.0000 mm, 51.0000 mm): Pad 4 [CURRENT] of U2 on F.Cu
[solder_mask_bridge]: Front solder mask aperture bridges items with different nets
    Rule: board setup solder mask min width; error
    @(42.0000 mm, 44.0000 mm): Track [NTC] on F.Cu, length 4.0000 mm
    @(42.0000 mm, 44.0000 mm): Pad 1 [+5V] of R4 on F.Cu
[solder_mask_bridge]: Front solder mask aperture bridges items with different nets
    Rule: board setup solder mask min width; error
    @(80.5400 mm, 50.0000 mm): PTH pad 3 [GND] of Q1
    @(78.0000 mm, 50.0000 mm): PTH pad 2 [SW_NODE] of Q1
[solder_mask_bridge]: Front solder mask aperture bridges items with different nets
    Rule: board setup solder mask min width; error
    @(60.0000 mm, 70.0000 mm): PTH pad 1 [+5V] of J4
    @(60.0000 mm, 72.5400 mm): PTH pad 2 [PWM] of J4
[solder_mask_bridge]: Front solder mask aperture bridges items with different nets
    Rule: board setup solder mask min width; error
    @(36.0000 mm, 51.0000 mm): Track [PWM] on F.Cu, length 13.0384 mm
    @(39.0000 mm, 51.0000 mm): Pad 4 [CURRENT] of U2 on F.Cu
[solder_mask_bridge]: Front solder mask aperture bridges items with different nets
    Rule: board setup solder mask min width; error
    @(51.0000 mm, 50.0000 mm): Pad 2 [+5V] of U1 on F.Cu
    @(53.0000 mm, 50.0000 mm): Pad 3 [GND] of U1 on F.Cu
[solder_mask_bridge]: Rear solder mask aperture bridges items with different nets
    Rule: board setup solder mask min width; error
    @(80.5400 mm, 50.0000 mm): PTH pad 3 [GND] of Q1
    @(78.0000 mm, 50.0000 mm): PTH pad 2 [SW_NODE] of Q1
[solder_mask_bridge]: Rear solder mask aperture bridges items with different nets
    Rule: board setup solder mask min width; error
    @(60.0000 mm, 72.5400 mm): PTH pad 2 [PWM] of J4
    @(60.0000 mm, 70.0000 mm): PTH pad 1 [+5V] of J4
[solder_mask_bridge]: Front solder mask aperture bridges items with different nets
    Rule: board setup solder mask min width; error
    @(39.0000 mm, 51.0000 mm): Track [CURRENT] on F.Cu, length 14.3178 mm
    @(46.0000 mm, 38.0000 mm): Pad 2 [V_SENSE] of R1 on F.Cu
[solder_mask_bridge]: Rear solder mask aperture bridges items with different nets
    Rule: board setup solder mask min width; error
    @(78.0000 mm, 62.0000 mm): Track [SW_NODE] on B.Cu, length 9.4340 mm
    @(80.5400 mm, 62.0000 mm): PTH pad 3 [GND] of Q2
[solder_mask_bridge]: Front solder mask aperture bridges items with different nets
    Rule: board setup solder mask min width; error
    @(49.0000 mm, 54.0000 mm): Track [+5V] on F.Cu, length 0.0000 mm
    @(49.0000 mm, 54.0000 mm): Pad 8 [GND] of U1 on F.Cu
[solder_mask_bridge]: Front solder mask aperture bridges items with different nets
    Rule: board setup solder mask min width; error
    @(39.0000 mm, 51.0000 mm): Track [CURRENT] on F.Cu, length 14.3178 mm
    @(42.0000 mm, 44.0000 mm): Pad 1 [+5V] of R4 on F.Cu
[solder_mask_bridge]: Rear solder mask aperture bridges items with different nets
    Rule: board setup solder mask min width; error
    @(60.0000 mm, 72.5400 mm): PTH pad 2 [PWM] of J4
    @(60.0000 mm, 75.0800 mm): PTH pad 3 [GND] of J4
[solder_mask_bridge]: Front solder mask aperture bridges items with different nets
    Rule: board setup solder mask min width; error
    @(75.4600 mm, 62.0000 mm): PTH pad 1 [GATE] of Q2
    @(78.0000 mm, 62.0000 mm): PTH pad 2 [SW_NODE] of Q2
[solder_mask_bridge]: Rear solder mask aperture bridges items with different nets
    Rule: board setup solder mask min width; error
    @(78.0000 mm, 62.0000 mm): Track [SW_NODE] on B.Cu, length 9.4340 mm
    @(75.4600 mm, 62.0000 mm): PTH pad 1 [GATE] of Q2
[solder_mask_bridge]: Front solder mask aperture bridges items with different nets
    Rule: board setup solder mask min width; error
    @(75.4600 mm, 50.0000 mm): PTH pad 1 [GATE] of Q1
    @(78.0000 mm, 50.0000 mm): PTH pad 2 [SW_NODE] of Q1
[solder_mask_bridge]: Front solder mask aperture bridges items with different nets
    Rule: board setup solder mask min width; error
    @(49.0000 mm, 50.0000 mm): Track [PWM] on F.Cu, length 10.1980 mm
    @(59.0000 mm, 48.0000 mm): Pad 1 [GATE] of R3 on F.Cu
[solder_mask_bridge]: Rear solder mask aperture bridges items with different nets
    Rule: board setup solder mask min width; error
    @(75.4600 mm, 62.0000 mm): PTH pad 1 [GATE] of Q2
    @(78.0000 mm, 62.0000 mm): PTH pad 2 [SW_NODE] of Q2
[solder_mask_bridge]: Rear solder mask aperture bridges items with different nets
    Rule: board setup solder mask min width; error
    @(75.4600 mm, 50.0000 mm): PTH pad 1 [GATE] of Q1
    @(78.0000 mm, 50.0000 mm): PTH pad 2 [SW_NODE] of Q1
[solder_mask_bridge]: Front solder mask aperture bridges items with different nets
    Rule: board setup solder mask min width; error
    @(49.0000 mm, 50.0000 mm): Track [PWM] on F.Cu, length 10.1980 mm
    @(51.0000 mm, 50.0000 mm): Pad 2 [+5V] of U1 on F.Cu
[track_dangling]: Track has unconnected end
    Local override; warning
    @(78.0000 mm, 62.0000 mm): Track [SW_NODE] on B.Cu, length 9.4340 mm
[track_dangling]: Track has unconnected end
    Local override; warning
    @(80.5400 mm, 62.0000 mm): Track [GND] on F.Cu, length 8.0000 mm
[track_dangling]: Track has unconnected end
    Local override; warning
    @(42.0000 mm, 38.0000 mm): Track [VIN_PROTECTED] on F.Cu, length 2.0000 mm
[lib_footprint_issues]: The current configuration does not include the footprint library 'Custom'
    Local override; warning
    @(25.0000 mm, 30.0000 mm): Footprint J1
[lib_footprint_issues]: The current configuration does not include the footprint library 'Custom'
    Local override; warning
    @(35.0000 mm, 30.0000 mm): Footprint F1
[lib_footprint_issues]: The current configuration does not include the footprint library 'Custom'
    Local override; warning
    @(53.0000 mm, 30.0000 mm): Footprint D1
[lib_footprint_issues]: The current configuration does not include the footprint library 'Custom'
    Local override; warning
    @(62.0000 mm, 30.0000 mm): Footprint C1
[lib_footprint_issues]: The current configuration does not include the footprint library 'Custom'
    Local override; warning
    @(115.0000 mm, 34.0000 mm): Footprint J2
[lib_footprint_issues]: The current configuration does not include the footprint library 'Custom'
    Local override; warning
    @(98.0000 mm, 34.0000 mm): Footprint D2
[lib_footprint_issues]: The current configuration does not include the footprint library 'Custom'
    Local override; warning
    @(78.0000 mm, 50.0000 mm): Footprint Q1
[lib_footprint_issues]: The current configuration does not include the footprint library 'Custom'
    Local override; warning
    @(78.0000 mm, 62.0000 mm): Footprint Q2
[lib_footprint_issues]: The current configuration does not include the footprint library 'Custom'
    Local override; warning
    @(86.0000 mm, 70.0000 mm): Footprint RS1
[lib_footprint_issues]: The current configuration does not include the footprint library 'Custom'
    Local override; warning
    @(52.0000 mm, 52.0000 mm): Footprint U1
[lib_footprint_issues]: The current configuration does not include the footprint library 'Custom'
    Local override; warning
    @(36.0000 mm, 53.0000 mm): Footprint U2
[lib_footprint_issues]: The current configuration does not include the footprint library 'Custom'
    Local override; warning
    @(25.0000 mm, 70.0000 mm): Footprint J3
[lib_footprint_issues]: The current configuration does not include the footprint library 'Custom'
    Local override; warning
    @(44.0000 mm, 38.0000 mm): Footprint R1
[lib_footprint_issues]: The current configuration does not include the footprint library 'Custom'
    Local override; warning
    @(52.0000 mm, 38.0000 mm): Footprint R2
[lib_footprint_issues]: The current configuration does not include the footprint library 'Custom'
    Local override; warning
    @(61.0000 mm, 48.0000 mm): Footprint R3
[lib_footprint_issues]: The current configuration does not include the footprint library 'Custom'
    Local override; warning
    @(44.0000 mm, 44.0000 mm): Footprint R4
[lib_footprint_issues]: The current configuration does not include the footprint library 'Custom'
    Local override; warning
    @(36.0000 mm, 70.0000 mm): Footprint TH1
[lib_footprint_issues]: The current configuration does not include the footprint library 'Custom'
    Local override; warning
    @(60.0000 mm, 70.0000 mm): Footprint J4
[silk_over_copper]: Silkscreen clipped by solder mask
    Local override; warning
    @(58.0000 mm, 46.0000 mm): Rectangle of R3 on f.silkscreen
    @(63.0000 mm, 48.0000 mm): Pad 2 [GATE] of R3 on F.Cu
[silk_over_copper]: Silkscreen clipped by solder mask
    Local override; warning
    @(75.0000 mm, 48.0000 mm): Rectangle of Q1 on f.silkscreen
    @(80.5400 mm, 50.0000 mm): PTH pad 3 [GND] of Q1
[silk_over_copper]: Silkscreen clipped by solder mask
    Local override; warning
    @(75.0000 mm, 48.0000 mm): Rectangle of Q1 on f.silkscreen
    @(75.4600 mm, 50.0000 mm): PTH pad 1 [GATE] of Q1
[silk_over_copper]: Silkscreen clipped by solder mask
    Local override; warning
    @(70.0000 mm, 77.0000 mm): PCB text 'B+  B-   MOTOR   TRIGGER' on f.silkscreen
    @(60.0000 mm, 75.0800 mm): PTH pad 3 [GND] of J4
[silk_over_copper]: Silkscreen clipped by solder mask
    Local override; warning
    @(57.0000 mm, 68.0000 mm): Rectangle of J4 on f.silkscreen
    @(60.0000 mm, 72.5400 mm): PTH pad 2 [PWM] of J4
[silk_over_copper]: Silkscreen clipped by solder mask
    Local override; warning
    @(49.0000 mm, 36.0000 mm): Rectangle of R2 on f.silkscreen
    @(53.0000 mm, 37.6200 mm): PTH pad 2 [GND] of D1
[silk_over_copper]: Silkscreen clipped by solder mask
    Local override; warning
    @(52.0000 mm, 49.0000 mm): Reference field of U1
    @(51.0000 mm, 50.0000 mm): Pad 2 [+5V] of U1 on F.Cu
[silk_over_copper]: Silkscreen clipped by solder mask
    Local override; warning
    @(52.0000 mm, 49.0000 mm): Reference field of U1
    @(53.0000 mm, 50.0000 mm): Pad 3 [GND] of U1 on F.Cu
[silk_over_copper]: Silkscreen clipped by solder mask
    Local override; warning
    @(49.0000 mm, 50.0000 mm): Rectangle of U1 on f.silkscreen
    @(53.0000 mm, 50.0000 mm): Pad 3 [GND] of U1 on F.Cu
[silk_over_copper]: Silkscreen clipped by solder mask
    Local override; warning
    @(49.0000 mm, 50.0000 mm): Rectangle of U1 on f.silkscreen
    @(55.0000 mm, 50.0000 mm): Pad 4 [GATE] of U1 on F.Cu
[silk_over_copper]: Silkscreen clipped by solder mask
    Local override; warning
    @(49.0000 mm, 50.0000 mm): Rectangle of U1 on f.silkscreen
    @(49.0000 mm, 50.0000 mm): Pad 1 [PWM] of U1 on F.Cu
[silk_over_copper]: Silkscreen clipped by solder mask
    Local override; warning
    @(49.0000 mm, 50.0000 mm): Rectangle of U1 on f.silkscreen
    @(51.0000 mm, 50.0000 mm): Pad 2 [+5V] of U1 on F.Cu
[silk_over_copper]: Silkscreen clipped by solder mask
    Local override; warning
    @(49.0000 mm, 50.0000 mm): Rectangle of U1 on f.silkscreen
    @(55.0000 mm, 54.0000 mm): Pad 5 [GATE] of U1 on F.Cu
[silk_over_copper]: Silkscreen clipped by solder mask
    Local override; warning
    @(49.0000 mm, 50.0000 mm): Rectangle of U1 on f.silkscreen
    @(53.0000 mm, 54.0000 mm): Pad 6 [GND] of U1 on F.Cu
[silk_over_copper]: Silkscreen clipped by solder mask
    Local override; warning
    @(49.0000 mm, 50.0000 mm): Rectangle of U1 on f.silkscreen
    @(51.0000 mm, 54.0000 mm): Pad 7 [+5V] of U1 on F.Cu
[silk_over_copper]: Silkscreen clipped by solder mask
    Local override; warning
    @(49.0000 mm, 50.0000 mm): Rectangle of U1 on f.silkscreen
    @(49.0000 mm, 54.0000 mm): Pad 8 [GND] of U1 on F.Cu
[silk_over_copper]: Silkscreen clipped by solder mask
    Local override; warning
    @(36.0000 mm, 50.0000 mm): Reference field of U2
    @(37.0000 mm, 51.0000 mm): Pad 3 [TRIGGER] of U2 on F.Cu
[silk_over_copper]: Silkscreen clipped by solder mask
    Local override; warning
    @(36.0000 mm, 50.0000 mm): Reference field of U2
    @(35.0000 mm, 51.0000 mm): Pad 2 [GND] of U2 on F.Cu
[silk_over_copper]: Silkscreen clipped by solder mask
    Local override; warning
    @(33.0000 mm, 51.0000 mm): Rectangle of U2 on f.silkscreen
    @(33.0000 mm, 51.0000 mm): Pad 1 [+5V] of U2 on F.Cu
[silk_over_copper]: Silkscreen clipped by solder mask
    Local override; warning
    @(33.0000 mm, 51.0000 mm): Rectangle of U2 on f.silkscreen
    @(35.0000 mm, 51.0000 mm): Pad 2 [GND] of U2 on F.Cu
[silk_over_copper]: Silkscreen clipped by solder mask
    Local override; warning
    @(33.0000 mm, 51.0000 mm): Rectangle of U2 on f.silkscreen
    @(37.0000 mm, 51.0000 mm): Pad 3 [TRIGGER] of U2 on F.Cu
[silk_over_copper]: Silkscreen clipped by solder mask
    Local override; warning
    @(33.0000 mm, 51.0000 mm): Rectangle of U2 on f.silkscreen
    @(39.0000 mm, 51.0000 mm): Pad 4 [CURRENT] of U2 on F.Cu
[silk_over_copper]: Silkscreen clipped by solder mask
    Local override; warning
    @(33.0000 mm, 51.0000 mm): Rectangle of U2 on f.silkscreen
    @(39.0000 mm, 55.0000 mm): Pad 5 [NTC] of U2 on F.Cu
[silk_over_copper]: Silkscreen clipped by solder mask
    Local override; warning
    @(33.0000 mm, 51.0000 mm): Rectangle of U2 on f.silkscreen
    @(37.0000 mm, 55.0000 mm): Pad 6 [V_SENSE] of U2 on F.Cu
[silk_over_copper]: Silkscreen clipped by solder mask
    Local override; warning
    @(33.0000 mm, 51.0000 mm): Rectangle of U2 on f.silkscreen
    @(35.0000 mm, 55.0000 mm): Pad 7 [PWM] of U2 on F.Cu
[silk_over_copper]: Silkscreen clipped by solder mask
    Local override; warning
    @(33.0000 mm, 51.0000 mm): Rectangle of U2 on f.silkscreen
    @(33.0000 mm, 55.0000 mm): Pad 8 [GND] of U2 on F.Cu
[silk_over_copper]: Silkscreen clipped by solder mask
    Local override; warning
    @(41.0000 mm, 36.0000 mm): Rectangle of R1 on f.silkscreen
    @(42.0000 mm, 38.0000 mm): Pad 1 [VIN_PROTECTED] of R1 on F.Cu
[silk_over_copper]: Silkscreen clipped by solder mask
    Local override; warning
    @(41.0000 mm, 36.0000 mm): Rectangle of R1 on f.silkscreen
    @(46.0000 mm, 38.0000 mm): Pad 2 [V_SENSE] of R1 on F.Cu
[silk_over_copper]: Silkscreen clipped by solder mask
    Local override; warning
    @(49.0000 mm, 36.0000 mm): Rectangle of R2 on f.silkscreen
    @(54.0000 mm, 38.0000 mm): Pad 2 [GND] of R2 on F.Cu
[silk_over_copper]: Silkscreen clipped by solder mask
    Local override; warning
    @(49.0000 mm, 36.0000 mm): Rectangle of R2 on f.silkscreen
    @(50.0000 mm, 38.0000 mm): Pad 1 [V_SENSE] of R2 on F.Cu
[silk_over_copper]: Silkscreen clipped by solder mask
    Local override; warning
    @(41.0000 mm, 42.0000 mm): Rectangle of R4 on f.silkscreen
    @(46.0000 mm, 44.0000 mm): Pad 2 [NTC] of R4 on F.Cu
[silk_over_copper]: Silkscreen clipped by solder mask
    Local override; warning
    @(41.0000 mm, 42.0000 mm): Rectangle of R4 on f.silkscreen
    @(42.0000 mm, 44.0000 mm): Pad 1 [+5V] of R4 on F.Cu
[silk_over_copper]: Silkscreen clipped by solder mask
    Local override; warning
    @(58.0000 mm, 46.0000 mm): Rectangle of R3 on f.silkscreen
    @(59.0000 mm, 48.0000 mm): Pad 1 [GATE] of R3 on F.Cu
[silk_over_copper]: Silkscreen clipped by solder mask
    Local override; warning
    @(75.0000 mm, 60.0000 mm): Rectangle of Q2 on f.silkscreen
    @(75.4600 mm, 62.0000 mm): PTH pad 1 [GATE] of Q2
[silk_over_copper]: Silkscreen clipped by solder mask
    Local override; warning
    @(75.0000 mm, 60.0000 mm): Rectangle of Q2 on f.silkscreen
    @(80.5400 mm, 62.0000 mm): PTH pad 3 [GND] of Q2
[silk_over_copper]: Silkscreen clipped by solder mask
    Local override; warning
    @(83.0000 mm, 68.0000 mm): Rectangle of RS1 on f.silkscreen
    @(89.0000 mm, 70.0000 mm): Pad 2 [SENSE] of RS1 on F.Cu
[silk_over_copper]: Silkscreen clipped by solder mask
    Local override; warning
    @(83.0000 mm, 68.0000 mm): Rectangle of RS1 on f.silkscreen
    @(83.0000 mm, 70.0000 mm): Pad 1 [SW_NODE] of RS1 on F.Cu
[copper_sliver]: Copper sliver (B.Cu)
    Local override; warning

** Found 19 unconnected pads **
[unconnected_items]: Missing connection between items
    Local override; error
    @(33.0000 mm, 55.0000 mm): Pad 8 [GND] of U2 on F.Cu
    @(35.0000 mm, 51.0000 mm): Pad 2 [GND] of U2 on F.Cu
[unconnected_items]: Missing connection between items
    Local override; error
    @(35.0000 mm, 51.0000 mm): Pad 2 [GND] of U2 on F.Cu
    @(49.0000 mm, 54.0000 mm): Track [GND] on F.Cu, length 16.0000 mm
[unconnected_items]: Missing connection between items
    Local override; error
    @(49.0000 mm, 54.0000 mm): Track [GND] on F.Cu, length 16.0000 mm
    @(53.0000 mm, 54.0000 mm): Pad 6 [GND] of U1 on F.Cu
[unconnected_items]: Missing connection between items
    Local override; error
    @(53.0000 mm, 50.0000 mm): Pad 3 [GND] of U1 on F.Cu
    @(54.0000 mm, 38.0000 mm): Pad 2 [GND] of R2 on F.Cu
[unconnected_items]: Missing connection between items
    Local override; error
    @(53.0000 mm, 54.0000 mm): Pad 6 [GND] of U1 on F.Cu
    @(53.0000 mm, 50.0000 mm): Pad 3 [GND] of U1 on F.Cu
[unconnected_items]: Missing connection between items
    Local override; error
    @(49.0000 mm, 70.0000 mm): Track [GND] on F.Cu, length 12.1164 mm
    @(80.5400 mm, 62.0000 mm): Track [GND] on F.Cu, length 8.0000 mm
[unconnected_items]: Missing connection between items
    Local override; error
    @(47.0000 mm, 30.0000 mm): Track [VIN_PROTECTED] on F.Cu, length 6.0000 mm
    @(42.0000 mm, 38.0000 mm): Track [VIN_PROTECTED] on F.Cu, length 2.0000 mm
[unconnected_items]: Missing connection between items
    Local override; error
    @(83.0000 mm, 70.0000 mm): Pad 1 [SW_NODE] of RS1 on F.Cu
    @(78.0000 mm, 62.0000 mm): Track [SW_NODE] on B.Cu, length 9.4340 mm
[unconnected_items]: Missing connection between items
    Local override; error
    @(55.0000 mm, 50.0000 mm): Track [GATE] on F.Cu, length 20.4600 mm
    @(55.0000 mm, 54.0000 mm): Pad 5 [GATE] of U1 on F.Cu
[unconnected_items]: Missing connection between items
    Local override; error
    @(59.0000 mm, 48.0000 mm): Track [GATE] on F.Cu, length 4.0000 mm
    @(55.0000 mm, 50.0000 mm): Track [GATE] on F.Cu, length 20.4600 mm
[unconnected_items]: Missing connection between items
    Local override; error
    @(37.0000 mm, 51.0000 mm): Pad 3 [TRIGGER] of U2 on F.Cu
    @(33.0000 mm, 51.0000 mm): Track [TRIGGER] on F.Cu, length 20.6155 mm
[unconnected_items]: Missing connection between items
    Local override; error
    @(42.0000 mm, 44.0000 mm): Pad 1 [+5V] of R4 on F.Cu
    @(33.0000 mm, 51.0000 mm): Pad 1 [+5V] of U2 on F.Cu
[unconnected_items]: Missing connection between items
    Local override; error
    @(49.0000 mm, 54.0000 mm): Track [+5V] on F.Cu, length 0.0000 mm
    @(51.0000 mm, 54.0000 mm): Pad 7 [+5V] of U1 on F.Cu
[unconnected_items]: Missing connection between items
    Local override; error
    @(51.0000 mm, 50.0000 mm): Track [+5V] on F.Cu, length 0.0000 mm
    @(42.0000 mm, 44.0000 mm): Pad 1 [+5V] of R4 on F.Cu
[unconnected_items]: Missing connection between items
    Local override; error
    @(51.0000 mm, 54.0000 mm): Pad 7 [+5V] of U1 on F.Cu
    @(51.0000 mm, 50.0000 mm): Track [+5V] on F.Cu, length 0.0000 mm
[unconnected_items]: Missing connection between items
    Local override; error
    @(51.0000 mm, 54.0000 mm): Pad 7 [+5V] of U1 on F.Cu
    @(60.0000 mm, 70.0000 mm): PTH pad 1 [+5V] of J4
[unconnected_items]: Missing connection between items
    Local override; error
    @(44.0000 mm, 44.0000 mm): Track [NTC] on F.Cu, length 12.0830 mm
    @(36.0000 mm, 70.0000 mm): PTH pad 1 [NTC] of TH1
[unconnected_items]: Missing connection between items
    Local override; error
    @(36.0000 mm, 51.0000 mm): Track [PWM] on F.Cu, length 13.0384 mm
    @(35.0000 mm, 55.0000 mm): Pad 7 [PWM] of U2 on F.Cu
[unconnected_items]: Missing connection between items
    Local override; error
    @(60.0000 mm, 72.5400 mm): PTH pad 2 [PWM] of J4
    @(49.0000 mm, 50.0000 mm): Track [PWM] on F.Cu, length 10.1980 mm

** Found 0 Footprint errors **

** Ignored checks **
    - Footprint has no courtyard defined
    - Track endpoint not centered on via
    - Tuning profile track geometries
    - Footprint doesn't match symbol's footprint filters
    - Footprint component type doesn't match footprint pads

** End of Report **
